All good here
ERROR something failed
